[     180ms] [WARNING] Manifest: scope_extensions entry ignored, required properties 'type' and 'origin' are missing. @ https://www.crunchyroll.com/manifest.json:0
[     180ms] [WARNING] Manifest: scope_extensions entry ignored, required properties 'type' and 'origin' are missing. @ https://www.crunchyroll.com/manifest.json:0
[     495ms] [ERROR] Failed to load resource: the server responded with a status of 400 () @ https://www.crunchyroll.com/auth/v1/token:0
[    4856ms] [LOG] [CR-DEBUG] init() — state + emitter created @ :1431
[    4856ms] [LOG] [CR-DEBUG] init() — settings loaded: isOpen=false, showBadges=true @ :1468
[    4858ms] [LOG] [CR-DEBUG] init() — buildSidebar done @ :1470
[    4858ms] [LOG] [CR-DEBUG] attachEvents: found 12/12 filter input elements @ :1265
[    4858ms] [LOG] [CR-DEBUG] init() — attachEvents done @ :1474
[    4859ms] [LOG] [CR-DEBUG] init() — emitter listeners registered, scan &amp; initial apply scheduled @ :1481
[    6699ms] [LOG] [CR-DEBUG] scanCards complete: 36 cards scanned, 36 in map, 36 with data @ :173
[    6994ms] [LOG] [CR-DEBUG] debouncedApply FIRED — cards.size: 36 sidebar: true @ :1434
[    6994ms] [LOG] [CR-DEBUG] getFilters result: {"title":"","desc":"","ratingMin":null,"ratingMax":null,"votesMin":null,"epMin":null,"epMax":null,"seasonsMin":null,"seasonsMax":null,"subOnly":false,"dubOnly":false,"watchlist":"all","dataOnly":false,"sort":[]} @ :425
[    6994ms] [LOG] [CR-DEBUG] getFilters result: {"title":"","desc":"","ratingMin":null,"ratingMax":null,"votesMin":null,"epMin":null,"epMax":null,"seasonsMin":null,"seasonsMax":null,"subOnly":false,"dubOnly":false,"watchlist":"all","dataOnly":false,"sort":[]} @ :425
[    6994ms] [LOG] [CR-DEBUG] applyFilterAndSort: origOrder.length=0 card0=null parent=null sidebarHost=true @ :477
[    8579ms] [LOG] [CR-DEBUG] init() — state + emitter created @ :1431
[    8579ms] [LOG] [CR-DEBUG] init() — settings loaded: isOpen=false, showBadges=true @ :1468
[    8580ms] [LOG] [CR-DEBUG] init() — buildSidebar done @ :1470
[    8580ms] [LOG] [CR-DEBUG] attachEvents: found 12/12 filter input elements @ :1265
[    8580ms] [LOG] [CR-DEBUG] init() — attachEvents done @ :1474
[    8580ms] [LOG] [CR-DEBUG] init() — emitter listeners registered, scan &amp; initial apply scheduled @ :1481
[   10416ms] [LOG] [CR-DEBUG] scanCards complete: 36 cards scanned, 36 in map, 36 with data @ :173
[   10710ms] [LOG] [CR-DEBUG] debouncedApply FIRED — cards.size: 36 sidebar: true @ :1434
[   10710ms] [LOG] [CR-DEBUG] getFilters result: {"title":"","desc":"","ratingMin":null,"ratingMax":null,"votesMin":null,"epMin":null,"epMax":null,"seasonsMin":null,"seasonsMax":null,"subOnly":false,"dubOnly":false,"watchlist":"all","dataOnly":false,"sort":[]} @ :425
[   10710ms] [LOG] [CR-DEBUG] getFilters result: {"title":"","desc":"","ratingMin":null,"ratingMax":null,"votesMin":null,"epMin":null,"epMax":null,"seasonsMin":null,"seasonsMax":null,"subOnly":false,"dubOnly":false,"watchlist":"all","dataOnly":false,"sort":[]} @ :425
[   10710ms] [LOG] [CR-DEBUG] applyFilterAndSort: origOrder.length=0 card0=null parent=null sidebarHost=true @ :477
[   12812ms] [WARNING] The resource https://www.crunchyroll.com/fonts/CrunchyrollAtyp-Bold.woff2 was preloaded using link preload but not used within a few seconds from the window's load event. Please make sure it has an appropriate `as` value and it is preloaded intentionally. @ https://www.crunchyroll.com/de/videos/popular:0
[   12812ms] [WARNING] The resource https://www.crunchyroll.com/fonts/DMSans.woff2 was preloaded using link preload but not used within a few seconds from the window's load event. Please make sure it has an appropriate `as` value and it is preloaded intentionally. @ https://www.crunchyroll.com/de/videos/popular:0
[   12812ms] [WARNING] The resource https://www.crunchyroll.com/fonts/CrunchyrollAtyp-Regular.woff2 was preloaded using link preload but not used within a few seconds from the window's load event. Please make sure it has an appropriate `as` value and it is preloaded intentionally. @ https://www.crunchyroll.com/de/videos/popular:0
[   30595ms] [ERROR] Failed to load resource: the server responded with a status of 404 () @ https://qq.crunchyroll.com/v1/m:0
[   33668ms] [WARNING] The resource https://www.crunchyroll.com/fonts/CrunchyrollAtyp-Bold.woff2 was preloaded using link preload but not used within a few seconds from the window's load event. Please make sure it has an appropriate `as` value and it is preloaded intentionally. @ https://www.crunchyroll.com/de/videos/popular:0
[   33668ms] [WARNING] The resource https://www.crunchyroll.com/fonts/DMSans.woff2 was preloaded using link preload but not used within a few seconds from the window's load event. Please make sure it has an appropriate `as` value and it is preloaded intentionally. @ https://www.crunchyroll.com/de/videos/popular:0
[   33668ms] [WARNING] The resource https://www.crunchyroll.com/fonts/CrunchyrollAtyp-Regular.woff2 was preloaded using link preload but not used within a few seconds from the window's load event. Please make sure it has an appropriate `as` value and it is preloaded intentionally. @ https://www.crunchyroll.com/de/videos/popular:0
