[     152ms] [WARNING] Manifest: scope_extensions entry ignored, required properties 'type' and 'origin' are missing. @ https://www.crunchyroll.com/manifest.json:0
[     152ms] [WARNING] Manifest: scope_extensions entry ignored, required properties 'type' and 'origin' are missing. @ https://www.crunchyroll.com/manifest.json:0
[     475ms] [ERROR] Failed to load resource: the server responded with a status of 400 () @ https://www.crunchyroll.com/auth/v1/token:0
[    3665ms] [LOG] [CR-DEBUG] init() — state + emitter created @ :1431
[    3665ms] [LOG] [CR-DEBUG] init() — settings loaded: isOpen=false, showBadges=true @ :1468
[    3667ms] [LOG] [CR-DEBUG] init() — buildSidebar done @ :1470
[    3668ms] [LOG] [CR-DEBUG] attachEvents: found 12/12 filter input elements @ :1265
[    3668ms] [LOG] [CR-DEBUG] init() — attachEvents done @ :1474
[    3668ms] [LOG] [CR-DEBUG] init() — emitter listeners registered, scan &amp; initial apply scheduled @ :1481
[    5494ms] [LOG] [CR-DEBUG] scanCards complete: 36 cards scanned, 36 in map, 36 with data @ :173
[    5788ms] [LOG] [CR-DEBUG] debouncedApply FIRED — cards.size: 36 sidebar: true @ :1434
[    5788ms] [LOG] [CR-DEBUG] getFilters result: {"title":"","desc":"","ratingMin":null,"ratingMax":null,"votesMin":null,"epMin":null,"epMax":null,"seasonsMin":null,"seasonsMax":null,"subOnly":false,"dubOnly":false,"watchlist":"all","dataOnly":false,"sort":[]} @ :425
[    5788ms] [LOG] [CR-DEBUG] getFilters result: {"title":"","desc":"","ratingMin":null,"ratingMax":null,"votesMin":null,"epMin":null,"epMax":null,"seasonsMin":null,"seasonsMax":null,"subOnly":false,"dubOnly":false,"watchlist":"all","dataOnly":false,"sort":[]} @ :425
[    5788ms] [LOG] [CR-DEBUG] applyFilterAndSort: origOrder.length=36 card0=DIV parent=DIV sidebarHost=true @ :477
[    5791ms] [LOG] [CR-DEBUG] applyFilterAndSort: cards=36 visible=36 hidden=0 sort=[] @ :503
[    7886ms] [WARNING] The resource https://www.crunchyroll.com/fonts/CrunchyrollAtyp-Bold.woff2 was preloaded using link preload but not used within a few seconds from the window's load event. Please make sure it has an appropriate `as` value and it is preloaded intentionally. @ https://www.crunchyroll.com/de/videos/popular:0
[    7886ms] [WARNING] The resource https://www.crunchyroll.com/fonts/DMSans.woff2 was preloaded using link preload but not used within a few seconds from the window's load event. Please make sure it has an appropriate `as` value and it is preloaded intentionally. @ https://www.crunchyroll.com/de/videos/popular:0
[    7886ms] [WARNING] The resource https://www.crunchyroll.com/fonts/CrunchyrollAtyp-Regular.woff2 was preloaded using link preload but not used within a few seconds from the window's load event. Please make sure it has an appropriate `as` value and it is preloaded intentionally. @ https://www.crunchyroll.com/de/videos/popular:0
[  112913ms] [WARNING] The resource https://www.crunchyroll.com/fonts/CrunchyrollAtyp-Bold.woff2 was preloaded using link preload but not used within a few seconds from the window's load event. Please make sure it has an appropriate `as` value and it is preloaded intentionally. @ https://www.crunchyroll.com/de/videos/popular:0
[  112913ms] [WARNING] The resource https://www.crunchyroll.com/fonts/DMSans.woff2 was preloaded using link preload but not used within a few seconds from the window's load event. Please make sure it has an appropriate `as` value and it is preloaded intentionally. @ https://www.crunchyroll.com/de/videos/popular:0
[  112913ms] [WARNING] The resource https://www.crunchyroll.com/fonts/CrunchyrollAtyp-Regular.woff2 was preloaded using link preload but not used within a few seconds from the window's load event. Please make sure it has an appropriate `as` value and it is preloaded intentionally. @ https://www.crunchyroll.com/de/videos/popular:0
