[     161ms] [WARNING] Manifest: scope_extensions entry ignored, required properties 'type' and 'origin' are missing. @ https://www.crunchyroll.com/manifest.json:0
[     161ms] [WARNING] Manifest: scope_extensions entry ignored, required properties 'type' and 'origin' are missing. @ https://www.crunchyroll.com/manifest.json:0
[     463ms] [ERROR] Failed to load resource: the server responded with a status of 400 () @ https://www.crunchyroll.com/auth/v1/token:0
[    4883ms] [WARNING] The resource https://www.crunchyroll.com/fonts/CrunchyrollAtyp-Bold.woff2 was preloaded using link preload but not used within a few seconds from the window's load event. Please make sure it has an appropriate `as` value and it is preloaded intentionally. @ https://www.crunchyroll.com/de/videos/popular:0
[    4883ms] [WARNING] The resource https://www.crunchyroll.com/fonts/DMSans.woff2 was preloaded using link preload but not used within a few seconds from the window's load event. Please make sure it has an appropriate `as` value and it is preloaded intentionally. @ https://www.crunchyroll.com/de/videos/popular:0
[    4883ms] [WARNING] The resource https://www.crunchyroll.com/fonts/CrunchyrollAtyp-Regular.woff2 was preloaded using link preload but not used within a few seconds from the window's load event. Please make sure it has an appropriate `as` value and it is preloaded intentionally. @ https://www.crunchyroll.com/de/videos/popular:0
[   30539ms] [ERROR] Failed to load resource: the server responded with a status of 404 () @ https://qq.crunchyroll.com/v1/m:0
[  490650ms] [ERROR] Access to script at 'http://127.0.0.1:9877/' from origin 'https://www.crunchyroll.com' has been blocked by CORS policy: Permission was denied for this request to access the `loopback` address space. @ https://www.crunchyroll.com/de/videos/popular:0
[  490650ms] [ERROR] Failed to load resource: net::ERR_FAILED @ http://127.0.0.1:9877/:0
[  493662ms] [WARNING] The resource https://www.crunchyroll.com/fonts/CrunchyrollAtyp-Bold.woff2 was preloaded using link preload but not used within a few seconds from the window's load event. Please make sure it has an appropriate `as` value and it is preloaded intentionally. @ https://www.crunchyroll.com/de/videos/popular:0
[  493662ms] [WARNING] The resource https://www.crunchyroll.com/fonts/DMSans.woff2 was preloaded using link preload but not used within a few seconds from the window's load event. Please make sure it has an appropriate `as` value and it is preloaded intentionally. @ https://www.crunchyroll.com/de/videos/popular:0
[  493662ms] [WARNING] The resource https://www.crunchyroll.com/fonts/CrunchyrollAtyp-Regular.woff2 was preloaded using link preload but not used within a few seconds from the window's load event. Please make sure it has an appropriate `as` value and it is preloaded intentionally. @ https://www.crunchyroll.com/de/videos/popular:0
[  498669ms] [LOG] [CR-DEBUG] GM APIs mocked from fetch approach @ :8
[  498674ms] [LOG] [CR-DEBUG] Fetched script: 66412 chars @ :4
[  498676ms] [LOG] [CR-DEBUG] init() — state + emitter created @ :1429
[  498676ms] [LOG] [CR-DEBUG] Script injected via <script> tag @ :8
[  498676ms] [LOG] [CR-DEBUG] init() — settings loaded: isOpen=false, showBadges=true @ :1466
[  498677ms] [LOG] [CR-DEBUG] init() — buildSidebar done @ :1468
[  498678ms] [LOG] [CR-DEBUG] attachEvents: found 12/12 filter input elements @ :1263
[  498678ms] [LOG] [CR-DEBUG] init() — attachEvents done @ :1472
[  498678ms] [LOG] [CR-DEBUG] init() — emitter listeners registered, scan &amp; initial apply scheduled @ :1479
[  500520ms] [LOG] [CR-DEBUG] scanCards complete: 36 cards scanned, 36 in map, 36 with data @ :173
[  500815ms] [LOG] [CR-DEBUG] debouncedApply FIRED — cards.size: 36 sidebar: true @ :1432
[  500815ms] [LOG] [CR-DEBUG] getFilters result: {"title":"","desc":"","ratingMin":null,"ratingMax":null,"votesMin":null,"epMin":null,"epMax":null,"seasonsMin":null,"seasonsMax":null,"subOnly":false,"dubOnly":false,"watchlist":"all","dataOnly":false,"sort":[]} @ :425
[  500815ms] [LOG] [CR-DEBUG] getFilters result: {"title":"","desc":"","ratingMin":null,"ratingMax":null,"votesMin":null,"epMin":null,"epMax":null,"seasonsMin":null,"seasonsMax":null,"subOnly":false,"dubOnly":false,"watchlist":"all","dataOnly":false,"sort":[]} @ :425
[  502919ms] [WARNING] The resource https://www.crunchyroll.com/fonts/CrunchyrollAtyp-Bold.woff2 was preloaded using link preload but not used within a few seconds from the window's load event. Please make sure it has an appropriate `as` value and it is preloaded intentionally. @ https://www.crunchyroll.com/de/videos/popular:0
[  502919ms] [WARNING] The resource https://www.crunchyroll.com/fonts/DMSans.woff2 was preloaded using link preload but not used within a few seconds from the window's load event. Please make sure it has an appropriate `as` value and it is preloaded intentionally. @ https://www.crunchyroll.com/de/videos/popular:0
[  502919ms] [WARNING] The resource https://www.crunchyroll.com/fonts/CrunchyrollAtyp-Regular.woff2 was preloaded using link preload but not used within a few seconds from the window's load event. Please make sure it has an appropriate `as` value and it is preloaded intentionally. @ https://www.crunchyroll.com/de/videos/popular:0
[  512614ms] [WARNING] The resource https://www.crunchyroll.com/fonts/CrunchyrollAtyp-Bold.woff2 was preloaded using link preload but not used within a few seconds from the window's load event. Please make sure it has an appropriate `as` value and it is preloaded intentionally. @ https://www.crunchyroll.com/de/videos/popular:0
[  512614ms] [WARNING] The resource https://www.crunchyroll.com/fonts/DMSans.woff2 was preloaded using link preload but not used within a few seconds from the window's load event. Please make sure it has an appropriate `as` value and it is preloaded intentionally. @ https://www.crunchyroll.com/de/videos/popular:0
[  512614ms] [WARNING] The resource https://www.crunchyroll.com/fonts/CrunchyrollAtyp-Regular.woff2 was preloaded using link preload but not used within a few seconds from the window's load event. Please make sure it has an appropriate `as` value and it is preloaded intentionally. @ https://www.crunchyroll.com/de/videos/popular:0
[  516332ms] [LOG] [CR-DEBUG] emit filter:changed (input:cr-f-title) @ :1253
[  516610ms] [LOG] [CR-DEBUG] emit filter:changed (input:cr-f-title) @ :1253
[  516798ms] [LOG] [CR-DEBUG] emit filter:changed (input:cr-f-title) @ :1253
[  517085ms] [LOG] [CR-DEBUG] debouncedApply FIRED — cards.size: 36 sidebar: true @ :1432
[  517085ms] [LOG] [CR-DEBUG] getFilters result: {"title":"000","desc":"","ratingMin":null,"ratingMax":null,"votesMin":null,"epMin":null,"epMax":null,"seasonsMin":null,"seasonsMax":null,"subOnly":false,"dubOnly":false,"watchlist":"all","dataOnly":false,"sort":[]} @ :425
[  517085ms] [LOG] [CR-DEBUG] getFilters result: {"title":"000","desc":"","ratingMin":null,"ratingMax":null,"votesMin":null,"epMin":null,"epMax":null,"seasonsMin":null,"seasonsMax":null,"subOnly":false,"dubOnly":false,"watchlist":"all","dataOnly":false,"sort":[]} @ :425
[  517807ms] [LOG] [CR-DEBUG] emit filter:changed (change:cr-f-title) @ :1257
[  518187ms] [LOG] [CR-DEBUG] debouncedApply FIRED — cards.size: 36 sidebar: true @ :1432
[  518187ms] [LOG] [CR-DEBUG] getFilters result: {"title":"000","desc":"","ratingMin":null,"ratingMax":null,"votesMin":null,"epMin":null,"epMax":null,"seasonsMin":null,"seasonsMax":null,"subOnly":false,"dubOnly":false,"watchlist":"all","dataOnly":false,"sort":[]} @ :425
[  518187ms] [LOG] [CR-DEBUG] getFilters result: {"title":"000","desc":"","ratingMin":null,"ratingMax":null,"votesMin":null,"epMin":null,"epMax":null,"seasonsMin":null,"seasonsMax":null,"subOnly":false,"dubOnly":false,"watchlist":"all","dataOnly":false,"sort":[]} @ :425
[  519276ms] [LOG] [CR-DEBUG] emit filter:changed (input:cr-f-title) @ :1253
[  519596ms] [LOG] [CR-DEBUG] emit filter:changed (change:cr-f-title) @ :1257
[  519890ms] [LOG] [CR-DEBUG] debouncedApply FIRED — cards.size: 36 sidebar: true @ :1432
[  519890ms] [LOG] [CR-DEBUG] getFilters result: {"title":"","desc":"","ratingMin":null,"ratingMax":null,"votesMin":null,"epMin":null,"epMax":null,"seasonsMin":null,"seasonsMax":null,"subOnly":false,"dubOnly":false,"watchlist":"all","dataOnly":false,"sort":[]} @ :425
[  519890ms] [LOG] [CR-DEBUG] getFilters result: {"title":"","desc":"","ratingMin":null,"ratingMax":null,"votesMin":null,"epMin":null,"epMax":null,"seasonsMin":null,"seasonsMax":null,"subOnly":false,"dubOnly":false,"watchlist":"all","dataOnly":false,"sort":[]} @ :425
[  522646ms] [WARNING] The resource https://www.crunchyroll.com/fonts/CrunchyrollAtyp-Bold.woff2 was preloaded using link preload but not used within a few seconds from the window's load event. Please make sure it has an appropriate `as` value and it is preloaded intentionally. @ https://www.crunchyroll.com/de/videos/popular:0
[  522646ms] [WARNING] The resource https://www.crunchyroll.com/fonts/DMSans.woff2 was preloaded using link preload but not used within a few seconds from the window's load event. Please make sure it has an appropriate `as` value and it is preloaded intentionally. @ https://www.crunchyroll.com/de/videos/popular:0
[  522646ms] [WARNING] The resource https://www.crunchyroll.com/fonts/CrunchyrollAtyp-Regular.woff2 was preloaded using link preload but not used within a few seconds from the window's load event. Please make sure it has an appropriate `as` value and it is preloaded intentionally. @ https://www.crunchyroll.com/de/videos/popular:0
[  532956ms] [WARNING] The resource https://www.crunchyroll.com/fonts/CrunchyrollAtyp-Bold.woff2 was preloaded using link preload but not used within a few seconds from the window's load event. Please make sure it has an appropriate `as` value and it is preloaded intentionally. @ https://www.crunchyroll.com/de/videos/popular:0
[  532956ms] [WARNING] The resource https://www.crunchyroll.com/fonts/DMSans.woff2 was preloaded using link preload but not used within a few seconds from the window's load event. Please make sure it has an appropriate `as` value and it is preloaded intentionally. @ https://www.crunchyroll.com/de/videos/popular:0
[  532956ms] [WARNING] The resource https://www.crunchyroll.com/fonts/CrunchyrollAtyp-Regular.woff2 was preloaded using link preload but not used within a few seconds from the window's load event. Please make sure it has an appropriate `as` value and it is preloaded intentionally. @ https://www.crunchyroll.com/de/videos/popular:0
